768536213
124663212
335536513
9110456
904182673
952262475
831382696
225685797
516113573
688308301
308174105
26942683
719419822
535665185
301255547
674135617
587564459
966634983
980309487
842497672
353693723
750282725
267963114
497874423
562850263
963506235
569097989
410402711
317934104
959620032
642599368
552356199
854108596
873318608
819812349
571358371
895075914
275542421
12750515
163330953
626560137
576697751
600673812
83365043
989007431
350958011
739545664
430565036
691093365
851430370
520182992
146798621
714859603
29968806
46439401
256898941
51278276
482698333
965548457
275623426
