705729571
482306065
834387064
916925094
765359395
242043081
557939924
551188446
446577089
525183156
179286212
88899407
485073392
413801754
703539712
455683368
555335243
201630394
757031532
197904505
909278462
979693168
672510437
471471002
854057178
458752231
568542639
839683999
134242526
514389118
777541428
471088836
388379612
741695853
379663871
152451241
631927453
105268426
651278886
602062735
189300166
706930069
4586700
401572056
585795630
876036020
297599537
563067772
706157006
867170842
974782508
579049940
449483665
371112199
31064462
427751571
184259428
531911670
326005897
913736763
