913483583
67417963
801798892
559377478
397608020
75224225
42959642
582938529
486918338
14604947
425114704
595276201
43286170
288543906
902090680
314812855
117311471
593413979
398075401
490408335
