640450293
886313896
689831991
494788119
570429944
222941461
146352620
362404624
1096616
121348005
432018387
454815245
666458903
61987807
396357234
105928332
515814917
467072163
930259540
715530412
