385390419
454311707
699513282
332500375
973346913
202133205
949948294
952006502
11953672
344557108
300186523
972824039
960322308
426309157
870549091
949918805
2548834
705646652
458990257
690122077
