956525923
885099666
653370559
609353986
768358511
784189269
441227644
348011264
915269384
412433449
704663660
476832915
386432757
420649503
652708650
611704168
398550395
950091228
369306610
717832324
