119599851
253913577
192068128
987241667
924960313
436457742
724101316
549666696
342328117
825892071
193936249
136972566
722067170
145153605
369047574
357405181
442609305
903226205
815305478
121408453
811391654
417637386
513206169
530032797
267177991
279173611
421026697
528408526
87707564
638674058
431698467
233456238
28536898
316891870
434409754
930828239
524473237
667375761
174303659
592577015
749652148
858386038
746701818
312092021
356654453
286464435
953841235
415111946
760503180
335325205
666494435
932417089
743827564
577515121
426324211
652925274
977751842
921683968
512462297
991297146
