834268515
791596185
376711358
800171923
118641927
984251929
755154254
577964499
638038790
247139796
613474913
238382422
582031585
660501496
701886668
50922969
227091787
698008834
800479977
827767788
634193204
859715438
672059174
965234571
133581582
191948462
591232075
550966910
179129989
387097773
43580263
187078944
886399385
967075066
238409832
191842118
807907337
16839967
701427186
522541028
641927027
110008633
260073507
484617560
502057044
765599873
341733272
184746387
711174307
877147365
98140542
639058268
898908963
647347516
178019474
395581236
355920932
155928434
717273536
553627847
