259028760
490900362
1475599
40218854
211061496
173866277
532408525
876942468
509608423
328407584
151741425
801434871
623918660
591986341
991361051
832240383
521687025
419830876
360695386
861129876
316170930
782916111
569838182
21981289
627393089
572542735
843137642
94861269
998736688
451955215
918516269
83217109
899780175
132593492
332505794
327577698
189574063
320927593
99997899
760037631
835957450
234410844
261192842
352731142
378045196
239734841
574890689
783888576
107996581
620515090
292609734
321771636
337697633
704256799
291160076
649631434
558434321
521502797
669004599
491825718
