337199906
357369221
100399581
988710174
361612150
296168332
635450403
212252272
31942710
462436
725611091
826171804
20492828
420451233
205754
546986134
357403601
309834852
758966574
722517386
497368222
792578801
768973442
401063903
404364199
36433402
272780466
377128545
72449886
363802560
548930438
716869297
727674283
591115813
276130122
548331124
819496619
495400108
537497992
564863879
703364033
375172234
821821029
300254764
241392495
26068980
628479542
489222450
302980078
109734193
339891768
428345690
881159975
839552389
244557576
636111646
17363317
23032283
362817331
88452114
