54891655
292979577
313100228
829867659
308710655
899101442
853325052
612822107
795029427
249728493
276429687
264391074
141837729
621365716
278230449
155446827
405613077
729542340
968307680
678278950
665479592
419541794
739372011
180952215
903040288
926976837
915150836
282826541
875601250
401417
485446044
67344658
20331085
192436843
129153546
296734504
181292783
166082446
739969723
767950418
175287905
120003152
169731236
849604287
586852181
979402116
405315055
664762986
499971737
537707283
483129952
351813256
528927142
312824565
127446996
873893027
642669633
200739860
704063092
341486443
