630035150
682026759
927448582
344175720
991917202
846723358
155627817
417466638
819194716
662083409
165032361
328378651
311098462
193167835
342416826
621137325
912696242
609886239
626403642
320465271
497344612
837896624
114588146
604245638
834034487
514883892
192510605
213723624
793489356
475474682
320830908
361248822
214312307
363568165
936009945
738822415
650002055
502882245
153419620
497358990
85623645
327775863
651300028
704040041
529758287
933388369
158709561
768827612
197559519
784109738
699795637
991328249
447319163
67772944
940228828
846891992
883486796
197574204
850342017
883047422
