525368864
125035055
487209096
717624418
978754211
110924884
682757405
148936859
384179531
378994459
177412412
407959229
705362641
865660932
639800528
470551355
282135713
749044837
775053703
998279264
823669429
549528956
974605313
614800147
296248403
814979663
743562292
505892908
484574039
523208340
305395093
628788311
86941239
951833870
930037117
121256317
202175204
3314000
365229205
73086769
801438014
586349344
573639778
777275908
60711619
953338763
227092256
229447437
846047672
357991646
378709973
820962447
938029219
953679183
537559899
949663547
222505121
424011669
109539133
782676211
