356596877
441566612
179333165
311294369
267656603
703411289
219226473
728052015
288908648
455385192
228836868
374644248
494514849
503767083
263233318
18854480
493737608
347629389
446732223
250050219
170404093
70017782
212342906
990768281
95703122
273603547
685643604
353814169
225807386
897490754
53035573
783508818
720853438
566702393
706587234
577907107
50085323
213886835
641161153
262483256
674897618
482413793
803307133
185021853
30931827
487720115
844854380
502886899
726860373
636787387
81506984
47845775
902058690
902450772
182127445
746479312
813893466
77977485
59941037
408622267
