228818915
198807528
739150434
613754310
48494
57813
247277017
66785949
533911910
658665057
772132471
482303781
50956
52565
468527929
52925
307346566
287404304
680162765
67378045
764487128
51026
414733445
52565
640535115
510761842
515702458
217788997
27436267
37687
55777
312587125
366800893
412945547
848536378
48317
54142
51439
609138325
44879
246978011
43065
55777
474585306
523115735
566685329
561446722
680162765
48143
845001938
566685329
419034417
795753826
312587125
234103946
56172
812941472
637652388
51439
566685329
