599624995
45526585
511492739
445266523
471070025
870078898
790145937
512272867
994850319
848709918
300944165
655311559
280190020
362336951
160057880
60438412
789467000
464653312
211956891
261448319
499944183
621657886
191771609
979467150
784438665
431872843
291057454
46418402
592298349
437938193
758086725
722343132
464653312
818048371
957668851
464653312
581177793
510536142
506423062
898894767
193903154
627519122
870287926
559699656
452731950
474993121
45251916
391876442
681977686
790145937
655311559
906026732
98568691
997929062
704608332
961782773
997929062
991372727
799136276
160057880
