361570155
878706765
633634392
604767724
96497275
668578420
576283294
806208255
814916170
590594483
139294880
618924900
878706765
169919488
258696167
33404616
776625060
974525847
541176492
618366485
802094145
472547715
740115260
192146163
720061694
844420319
672811895
900970869
117323699
176809697
794803843
357134362
742963473
898298028
681463551
703272447
901785291
710120509
491610472
914953669
963614779
841777137
433296491
847751903
880628016
361570155
686708765
633634392
489497648
755843553
26465621
590817477
82589261
769883328
512444935
576283294
575893777
710120509
472547715
978484538
