903762175
620466655
742247772
475706978
98326678
764555675
228287236
326479687
252867412
247200100
297651745
898381695
480984894
496975149
702263844
614947858
888139714
515449503
533453995
645476093
298210024
476837183
990748610
326479687
894031168
515449503
659439388
293335974
139383383
297651745
114643765
891375100
59637399
802722814
74977144
347862832
329694326
757977281
505063814
361441433
970615227
932849015
997989486
800444947
74977144
750924256
499156110
569477184
566367503
523266283
178135231
888139714
795616520
335344115
899440583
659439388
425429656
757977281
132113687
172893900
