889097789
47838751
862208036
817545179
823972313
776422758
531934602
980310349
990314191
246909436
916729686
420711428
283758988
673517382
131971013
592065254
231910225
853637462
943623931
858751005
682780602
257252779
422220505
28358535
683004948
709045773
577929618
819090264
269083130
139189220
811906048
145274360
999195027
159855862
41298911
496162035
326741441
466994568
142172002
833649129
211339270
637599851
127525919
62448103
526358899
922928754
605052324
338678714
926151287
333135553
338342162
825352477
592814389
440765922
535461207
485675348
450430365
168257057
894261711
811691746
