536893136
77755822
704219333
132300389
312202386
976315275
435584534
636537142
771953265
295369137
205715958
197733966
974812356
729205407
166357405
883531790
41360763
983246967
885267629
600141328
31236295
334428405
127411098
27972521
336161355
716194181
626330687
885046964
129722852
682895579
493296084
493405422
760098580
86622326
600420769
595267159
716353980
270148858
316210593
474141956
705547173
6477409
649916812
271006055
93646419
143163274
486776782
59286907
880186476
694901507
384682018
812014291
903448678
807399254
592921668
421216380
972087399
860724049
544185029
608195241
