0
0
0
0
3
0
3
36
20
46
2
3
46
56
80
128
129
9
8
1
55
98
75
3
4
139
263
186
140
244
25
12
326
319
2
7
6
446
185
5
430
5
486
18
358
470
9
233
537
540
10
15
190
13
444
624
14
344
14
584
21
435
49
20
56
682
37
698
520
21
14
491
140
301
387
261
522
21
22
535
536
205
57
769
365
16
18
764
23
826
12
52
6
61
32
532
21
225
