0
0
64
27
1
2
95
4
3
3
0
30
2
36
234
8
12
4
285
309
6
383
376
169
7
383
7
53
6
77
1
12
5
6
1
21
25
2
12
5
16
246
97
217
111
600
9
19
377
2
23
437
316
195
20
58
19
16
21
22
8
12
71
41
3
138
9
95
43
46
22
915
1388
272
36
25
36
21
22
308
15
45
15
29
5
705
347
28
7
23
158
26
15
1041
158
52
10
30
12
82
1580
