547877949 145016137 11583074 378068048 117925164 107498081 166172066 12316002 551291515 285969093 566307198 348339128 63253558 210555336 109483805 107852039 2891403 164502295
