511056080 637508276 190300150 29210812 510749361 355748507 413475756 620017804 752917392 404850167 616149292 578505796 178005322 617303400 202137717 65000981 76969655 84890253 330316897
