521698138 54185119 383790995 125356097 186996122 507946400 519492165 6290825 371285862 81568004 351223842 523847702 287006750 172524202 316711790 370641576 417864003 15960335 298360142 55649023
